// Vitest Snapshot v1, https://vitest.dev/guide/snapshot.html

exports[`ArtifactsStack > composition matches snapshot 1`] = `
{
  "Parameters": {
    "BootstrapVersion": {
      "Default": "/cdk-bootstrap/hnb659fds/version",
      "Description": "Version of the CDK Bootstrap resources in this environment, automatically retrieved from SSM Parameter Store. [cdk:skip]",
      "Type": "AWS::SSM::Parameter::Value<String>",
    },
  },
  "Resources": {
    "CertificatesBucketAutoDeleteObjectsCustomResource6C632624": {
      "DeletionPolicy": "Delete",
      "DependsOn": [
        "CertificatesBucketPolicy11DC3445",
      ],
      "Properties": {
        "BucketName": {
          "Ref": "CertificatesBucketE5F004DB",
        },
        "ServiceToken": {
          "Fn::GetAtt": [
            "CustomS3AutoDeleteObjectsCustomResourceProviderHandler9D90184F",
            "Arn",
          ],
        },
      },
      "Type": "Custom::S3AutoDeleteObjects",
      "UpdateReplacePolicy": "Delete",
    },
    "CertificatesBucketE5F004DB": {
      "DeletionPolicy": "Delete",
      "Properties": {
        "BucketEncryption": {
          "ServerSideEncryptionConfiguration": [
            {
              "ServerSideEncryptionByDefault": {
                "KMSMasterKeyID": {
                  "Fn::GetAtt": [
                    "CertificatesBucketKey349C7E09",
                    "Arn",
                  ],
                },
                "SSEAlgorithm": "aws:kms",
              },
            },
          ],
        },
        "LoggingConfiguration": {
          "DestinationBucketName": {
            "Fn::ImportValue": "Keycloak-LoggingStack:ExportsOutputRefServerAccessLogsBucket5E4597E8F6E45B89",
          },
          "LogFilePrefix": "keycloak-certificates-bucket",
        },
        "PublicAccessBlockConfiguration": {
          "BlockPublicAcls": true,
          "BlockPublicPolicy": true,
          "IgnorePublicAcls": true,
          "RestrictPublicBuckets": true,
        },
        "Tags": [
          {
            "Key": "aws-cdk:auto-delete-objects",
            "Value": "true",
          },
          {
            "Key": "keycloak:name",
            "Value": "KeycloakCertificates",
          },
        ],
        "VersioningConfiguration": {
          "Status": "Enabled",
        },
      },
      "Type": "AWS::S3::Bucket",
      "UpdateReplacePolicy": "Delete",
    },
    "CertificatesBucketKey349C7E09": {
      "DeletionPolicy": "Delete",
      "Properties": {
        "EnableKeyRotation": true,
        "KeyPolicy": {
          "Statement": [
            {
              "Action": [
                "kms:Create*",
                "kms:Describe*",
                "kms:Enable*",
                "kms:Disable*",
                "kms:Get*",
                "kms:List*",
                "kms:Put*",
                "kms:Update*",
                "kms:Revoke*",
                "kms:Tag*",
                "kms:Untag*",
                "kms:ScheduleKeyDeletion",
                "kms:CancelKeyDeletion",
                "kms:RotateKeyOnDemand",
              ],
              "Effect": "Allow",
              "Principal": {
                "AWS": {
                  "Fn::Join": [
                    "",
                    [
                      "arn:",
                      {
                        "Ref": "AWS::Partition",
                      },
                      ":iam::000000000000:root",
                    ],
                  ],
                },
              },
              "Resource": "*",
              "Sid": "KeyManagement",
            },
            {
              "Action": [
                "kms:Encrypt",
                "kms:Decrypt",
                "kms:GenerateDataKey*",
                "kms:ReEncrypt*",
                "kms:DescribeKey",
              ],
              "Condition": {
                "StringEquals": {
                  "kms:CallerAccount": "000000000000",
                  "kms:ViaService": "s3.us-east-1.amazonaws.com",
                },
              },
              "Effect": "Allow",
              "Principal": {
                "AWS": {
                  "Fn::Join": [
                    "",
                    [
                      "arn:",
                      {
                        "Ref": "AWS::Partition",
                      },
                      ":iam::000000000000:root",
                    ],
                  ],
                },
              },
              "Resource": "*",
              "Sid": "AccountS3Access",
            },
          ],
          "Version": "2012-10-17",
        },
      },
      "Type": "AWS::KMS::Key",
      "UpdateReplacePolicy": "Delete",
    },
    "CertificatesBucketKeyAlias9D798D3B": {
      "Properties": {
        "AliasName": "alias/keycloak/s3/certificates-bucket",
        "TargetKeyId": {
          "Fn::GetAtt": [
            "CertificatesBucketKey349C7E09",
            "Arn",
          ],
        },
      },
      "Type": "AWS::KMS::Alias",
    },
    "CertificatesBucketPolicy11DC3445": {
      "Properties": {
        "Bucket": {
          "Ref": "CertificatesBucketE5F004DB",
        },
        "PolicyDocument": {
          "Statement": [
            {
              "Action": "s3:*",
              "Condition": {
                "Bool": {
                  "aws:SecureTransport": "false",
                },
              },
              "Effect": "Deny",
              "Principal": {
                "AWS": "*",
              },
              "Resource": [
                {
                  "Fn::GetAtt": [
                    "CertificatesBucketE5F004DB",
                    "Arn",
                  ],
                },
                {
                  "Fn::Join": [
                    "",
                    [
                      {
                        "Fn::GetAtt": [
                          "CertificatesBucketE5F004DB",
                          "Arn",
                        ],
                      },
                      "/*",
                    ],
                  ],
                },
              ],
            },
            {
              "Action": [
                "s3:PutBucketPolicy",
                "s3:GetBucket*",
                "s3:List*",
                "s3:DeleteObject*",
              ],
              "Effect": "Allow",
              "Principal": {
                "AWS": {
                  "Fn::GetAtt": [
                    "CustomS3AutoDeleteObjectsCustomResourceProviderRole3B1BD092",
                    "Arn",
                  ],
                },
              },
              "Resource": [
                {
                  "Fn::GetAtt": [
                    "CertificatesBucketE5F004DB",
                    "Arn",
                  ],
                },
                {
                  "Fn::Join": [
                    "",
                    [
                      {
                        "Fn::GetAtt": [
                          "CertificatesBucketE5F004DB",
                          "Arn",
                        ],
                      },
                      "/*",
                    ],
                  ],
                },
              ],
            },
            {
              "Action": "s3:PutObject",
              "Condition": {
                "StringNotEqualsIfExists": {
                  "s3:x-amz-server-side-encryption-aws-kms-key-id": {
                    "Fn::GetAtt": [
                      "CertificatesBucketKey349C7E09",
                      "Arn",
                    ],
                  },
                },
              },
              "Effect": "Deny",
              "Principal": {
                "AWS": "*",
              },
              "Resource": {
                "Fn::Join": [
                  "",
                  [
                    {
                      "Fn::GetAtt": [
                        "CertificatesBucketE5F004DB",
                        "Arn",
                      ],
                    },
                    "/*",
                  ],
                ],
              },
            },
          ],
          "Version": "2012-10-17",
        },
      },
      "Type": "AWS::S3::BucketPolicy",
    },
    "CustomS3AutoDeleteObjectsCustomResourceProviderHandler9D90184F": {
      "DependsOn": [
        "CustomS3AutoDeleteObjectsCustomResourceProviderRole3B1BD092",
      ],
      "Properties": {
        "Code": {
          "S3Bucket": "cdk-hnb659fds-assets-000000000000-us-east-1",
          "S3Key": "HASH.zip",
        },
        "Description": {
          "Fn::Join": [
            "",
            [
              "Lambda function for auto-deleting objects in ",
              {
                "Ref": "CertificatesBucketE5F004DB",
              },
              " S3 bucket.",
            ],
          ],
        },
        "Handler": "index.handler",
        "MemorySize": 128,
        "Role": {
          "Fn::GetAtt": [
            "CustomS3AutoDeleteObjectsCustomResourceProviderRole3B1BD092",
            "Arn",
          ],
        },
        "Runtime": "nodejs24.x",
        "Timeout": 900,
      },
      "Type": "AWS::Lambda::Function",
    },
    "CustomS3AutoDeleteObjectsCustomResourceProviderRole3B1BD092": {
      "Properties": {
        "AssumeRolePolicyDocument": {
          "Statement": [
            {
              "Action": "sts:AssumeRole",
              "Effect": "Allow",
              "Principal": {
                "Service": "lambda.amazonaws.com",
              },
            },
          ],
          "Version": "2012-10-17",
        },
        "ManagedPolicyArns": [
          {
            "Fn::Sub": "arn:\${AWS::Partition}:iam::aws:policy/service-role/AWSLambdaBasicExecutionRole",
          },
        ],
      },
      "Type": "AWS::IAM::Role",
    },
    "KeycloakEcrRepositoriesAwsCliBA060F4D": {
      "DeletionPolicy": "Delete",
      "Properties": {
        "EmptyOnDelete": true,
        "EncryptionConfiguration": {
          "EncryptionType": "KMS",
          "KmsKey": {
            "Fn::GetAtt": [
              "KeycloakEcrRepositoriesAwsCliKey98024967",
              "Arn",
            ],
          },
        },
        "ImageScanningConfiguration": {
          "ScanOnPush": true,
        },
        "ImageTagMutability": "IMMUTABLE",
        "LifecyclePolicy": {
          "LifecyclePolicyText": "{"rules":[{"rulePriority":1,"selection":{"tagStatus":"any","countType":"imageCountMoreThan","countNumber":10},"action":{"type":"expire"}}]}",
        },
        "Tags": [
          {
            "Key": "keycloak:name",
            "Value": "AwsCli",
          },
        ],
      },
      "Type": "AWS::ECR::Repository",
      "UpdateReplacePolicy": "Delete",
    },
    "KeycloakEcrRepositoriesAwsCliKey98024967": {
      "DeletionPolicy": "Delete",
      "Properties": {
        "EnableKeyRotation": true,
        "KeyPolicy": {
          "Statement": [
            {
              "Action": [
                "kms:Create*",
                "kms:Describe*",
                "kms:Enable*",
                "kms:Disable*",
                "kms:Get*",
                "kms:List*",
                "kms:Put*",
                "kms:Update*",
                "kms:Revoke*",
                "kms:Tag*",
                "kms:Untag*",
                "kms:ScheduleKeyDeletion",
                "kms:CancelKeyDeletion",
                "kms:RotateKeyOnDemand",
              ],
              "Effect": "Allow",
              "Principal": {
                "AWS": {
                  "Fn::Join": [
                    "",
                    [
                      "arn:",
                      {
                        "Ref": "AWS::Partition",
                      },
                      ":iam::000000000000:root",
                    ],
                  ],
                },
              },
              "Resource": "*",
              "Sid": "KeyManagement",
            },
            {
              "Action": [
                "kms:Decrypt",
                "kms:DescribeKey",
                "kms:Encrypt",
                "kms:GenerateDataKey*",
                "kms:ReEncrypt*",
              ],
              "Condition": {
                "StringEquals": {
                  "kms:CallerAccount": "000000000000",
                  "kms:ViaService": "ecr.us-east-1.amazonaws.com",
                },
              },
              "Effect": "Allow",
              "Principal": {
                "AWS": {
                  "Fn::Join": [
                    "",
                    [
                      "arn:",
                      {
                        "Ref": "AWS::Partition",
                      },
                      ":iam::000000000000:root",
                    ],
                  ],
                },
              },
              "Resource": "*",
              "Sid": "AccountEcrAccess",
            },
          ],
          "Version": "2012-10-17",
        },
      },
      "Type": "AWS::KMS::Key",
      "UpdateReplacePolicy": "Delete",
    },
    "KeycloakEcrRepositoriesAwsCliKeyAliasA237B6D5": {
      "Properties": {
        "AliasName": "alias/keycloak/ecr/aws-cli",
        "TargetKeyId": {
          "Fn::GetAtt": [
            "KeycloakEcrRepositoriesAwsCliKey98024967",
            "Arn",
          ],
        },
      },
      "Type": "AWS::KMS::Alias",
    },
    "KeycloakEcrRepositoriesKeycloak910C474C": {
      "DeletionPolicy": "Delete",
      "Properties": {
        "EmptyOnDelete": true,
        "EncryptionConfiguration": {
          "EncryptionType": "KMS",
          "KmsKey": {
            "Fn::GetAtt": [
              "KeycloakEcrRepositoriesKeycloakKeyFBB4C8D3",
              "Arn",
            ],
          },
        },
        "ImageScanningConfiguration": {
          "ScanOnPush": true,
        },
        "ImageTagMutability": "IMMUTABLE",
        "LifecyclePolicy": {
          "LifecyclePolicyText": "{"rules":[{"rulePriority":1,"selection":{"tagStatus":"any","countType":"imageCountMoreThan","countNumber":10},"action":{"type":"expire"}}]}",
        },
        "Tags": [
          {
            "Key": "keycloak:name",
            "Value": "Keycloak",
          },
        ],
      },
      "Type": "AWS::ECR::Repository",
      "UpdateReplacePolicy": "Delete",
    },
    "KeycloakEcrRepositoriesKeycloakKeyAlias7199539C": {
      "Properties": {
        "AliasName": "alias/keycloak/ecr/keycloak",
        "TargetKeyId": {
          "Fn::GetAtt": [
            "KeycloakEcrRepositoriesKeycloakKeyFBB4C8D3",
            "Arn",
          ],
        },
      },
      "Type": "AWS::KMS::Alias",
    },
    "KeycloakEcrRepositoriesKeycloakKeyFBB4C8D3": {
      "DeletionPolicy": "Delete",
      "Properties": {
        "EnableKeyRotation": true,
        "KeyPolicy": {
          "Statement": [
            {
              "Action": [
                "kms:Create*",
                "kms:Describe*",
                "kms:Enable*",
                "kms:Disable*",
                "kms:Get*",
                "kms:List*",
                "kms:Put*",
                "kms:Update*",
                "kms:Revoke*",
                "kms:Tag*",
                "kms:Untag*",
                "kms:ScheduleKeyDeletion",
                "kms:CancelKeyDeletion",
                "kms:RotateKeyOnDemand",
              ],
              "Effect": "Allow",
              "Principal": {
                "AWS": {
                  "Fn::Join": [
                    "",
                    [
                      "arn:",
                      {
                        "Ref": "AWS::Partition",
                      },
                      ":iam::000000000000:root",
                    ],
                  ],
                },
              },
              "Resource": "*",
              "Sid": "KeyManagement",
            },
            {
              "Action": [
                "kms:Decrypt",
                "kms:DescribeKey",
                "kms:Encrypt",
                "kms:GenerateDataKey*",
                "kms:ReEncrypt*",
              ],
              "Condition": {
                "StringEquals": {
                  "kms:CallerAccount": "000000000000",
                  "kms:ViaService": "ecr.us-east-1.amazonaws.com",
                },
              },
              "Effect": "Allow",
              "Principal": {
                "AWS": {
                  "Fn::Join": [
                    "",
                    [
                      "arn:",
                      {
                        "Ref": "AWS::Partition",
                      },
                      ":iam::000000000000:root",
                    ],
                  ],
                },
              },
              "Resource": "*",
              "Sid": "AccountEcrAccess",
            },
          ],
          "Version": "2012-10-17",
        },
      },
      "Type": "AWS::KMS::Key",
      "UpdateReplacePolicy": "Delete",
    },
  },
  "Rules": {
    "CheckBootstrapVersion": {
      "Assertions": [
        {
          "Assert": {
            "Fn::Not": [
              {
                "Fn::Contains": [
                  [
                    "1",
                    "2",
                    "3",
                    "4",
                    "5",
                  ],
                  {
                    "Ref": "BootstrapVersion",
                  },
                ],
              },
            ],
          },
          "AssertDescription": "CDK bootstrap stack version 6 required. Please run 'cdk bootstrap' with a recent version of the CDK CLI.",
        },
      ],
    },
  },
}
`;
