// Vitest Snapshot v1, https://vitest.dev/guide/snapshot.html

exports[`DatabaseStack > composition matches snapshot 1`] = `
{
  "Parameters": {
    "BootstrapVersion": {
      "Default": "/cdk-bootstrap/hnb659fds/version",
      "Description": "Version of the CDK Bootstrap resources in this environment, automatically retrieved from SSM Parameter Store. [cdk:skip]",
      "Type": "AWS::SSM::Parameter::Value<String>",
    },
  },
  "Resources": {
    "KeycloakDatabaseClusterKeycloakCluster922909FA": {
      "DeletionPolicy": "Delete",
      "Metadata": {
        "cdk_nag": {
          "rules_to_suppress": [
            {
              "id": "AwsSolutions-RDS6",
              "reason": "IAM authentication is disabled because Keycloak expects a username/password.",
            },
            {
              "id": "AwsSolutions-RDS10",
              "reason": "Deletion protection is disabled because this is not a production workload.",
            },
            {
              "id": "AwsSolutions-SMG4",
              "reason": "Automatic secret rotation is disabled because this is not a production workload.",
            },
          ],
        },
      },
      "Properties": {
        "CopyTagsToSnapshot": true,
        "DBClusterParameterGroupName": "default.aurora-postgresql17",
        "DBSubnetGroupName": {
          "Ref": "KeycloakDatabaseClusterKeycloakClusterSubnets1D615BE8",
        },
        "DatabaseName": "keycloak",
        "EnableHttpEndpoint": true,
        "Engine": "aurora-postgresql",
        "EngineVersion": "17.9",
        "MasterUserPassword": {
          "Fn::Join": [
            "",
            [
              "{{resolve:secretsmanager:",
              {
                "Ref": "KeycloakDatabaseClusterKeycloakClusterSecret7BA40C9D",
              },
              ":SecretString:password::}}",
            ],
          ],
        },
        "MasterUsername": {
          "Fn::Join": [
            "",
            [
              "{{resolve:secretsmanager:",
              {
                "Ref": "KeycloakDatabaseClusterKeycloakClusterSecret7BA40C9D",
              },
              ":SecretString:username::}}",
            ],
          ],
        },
        "Port": 5432,
        "ServerlessV2ScalingConfiguration": {
          "MaxCapacity": 1,
          "MinCapacity": 0.5,
        },
        "StorageEncrypted": true,
        "VpcSecurityGroupIds": [
          {
            "Fn::GetAtt": [
              "KeycloakDatabaseClusterKeycloakClusterSecurityGroupD49D0080",
              "GroupId",
            ],
          },
        ],
      },
      "Type": "AWS::RDS::DBCluster",
      "UpdateReplacePolicy": "Delete",
    },
    "KeycloakDatabaseClusterKeycloakClusterSecret7BA40C9D": {
      "DeletionPolicy": "Delete",
      "Metadata": {
        "cdk_nag": {
          "rules_to_suppress": [
            {
              "id": "AwsSolutions-SMG4",
              "reason": "Automatic secret rotation is disabled because this is not a production workload.",
            },
          ],
        },
      },
      "Properties": {
        "Description": {
          "Fn::Join": [
            "",
            [
              "Generated by the CDK for stack: ",
              {
                "Ref": "AWS::StackName",
              },
            ],
          ],
        },
        "GenerateSecretString": {
          "ExcludeCharacters": " %+~\`#$&*()|[]{}:;<>?!'/@"\\",
          "GenerateStringKey": "password",
          "PasswordLength": 30,
          "SecretStringTemplate": "{"username":"keycloak"}",
        },
      },
      "Type": "AWS::SecretsManager::Secret",
      "UpdateReplacePolicy": "Delete",
    },
    "KeycloakDatabaseClusterKeycloakClusterSecretAttachmentB12EBA38": {
      "Properties": {
        "SecretId": {
          "Ref": "KeycloakDatabaseClusterKeycloakClusterSecret7BA40C9D",
        },
        "TargetId": {
          "Ref": "KeycloakDatabaseClusterKeycloakCluster922909FA",
        },
        "TargetType": "AWS::RDS::DBCluster",
      },
      "Type": "AWS::SecretsManager::SecretTargetAttachment",
    },
    "KeycloakDatabaseClusterKeycloakClusterSecurityGroupD49D0080": {
      "Properties": {
        "GroupDescription": "Keycloak-DatabaseStack/KeycloakDatabaseCluster/KeycloakClusterSecurityGroup",
        "SecurityGroupEgress": [
          {
            "CidrIp": "255.255.255.255/32",
            "Description": "Disallow all traffic",
            "FromPort": 252,
            "IpProtocol": "icmp",
            "ToPort": 86,
          },
        ],
        "VpcId": {
          "Fn::ImportValue": "Keycloak-NetworkStack:ExportsOutputRefKeycloakVpc3B97A761C49F1BD8",
        },
      },
      "Type": "AWS::EC2::SecurityGroup",
    },
    "KeycloakDatabaseClusterKeycloakClusterSubnets1D615BE8": {
      "Properties": {
        "DBSubnetGroupDescription": "Subnets for KeycloakCluster database",
        "SubnetIds": [
          {
            "Fn::ImportValue": "Keycloak-NetworkStack:ExportsOutputRefKeycloakVpcDatabaseSubnet1SubnetC33AB42B35F7F2C2",
          },
          {
            "Fn::ImportValue": "Keycloak-NetworkStack:ExportsOutputRefKeycloakVpcDatabaseSubnet2Subnet9C3602A01ED4C24B",
          },
        ],
      },
      "Type": "AWS::RDS::DBSubnetGroup",
    },
    "KeycloakDatabaseClusterKeycloakClusterwriterC3A059D8": {
      "DeletionPolicy": "Delete",
      "Properties": {
        "DBClusterIdentifier": {
          "Ref": "KeycloakDatabaseClusterKeycloakCluster922909FA",
        },
        "DBInstanceClass": "db.serverless",
        "Engine": "aurora-postgresql",
        "PromotionTier": 0,
        "PubliclyAccessible": false,
      },
      "Type": "AWS::RDS::DBInstance",
      "UpdateReplacePolicy": "Delete",
    },
  },
  "Rules": {
    "CheckBootstrapVersion": {
      "Assertions": [
        {
          "Assert": {
            "Fn::Not": [
              {
                "Fn::Contains": [
                  [
                    "1",
                    "2",
                    "3",
                    "4",
                    "5",
                  ],
                  {
                    "Ref": "BootstrapVersion",
                  },
                ],
              },
            ],
          },
          "AssertDescription": "CDK bootstrap stack version 6 required. Please run 'cdk bootstrap' with a recent version of the CDK CLI.",
        },
      ],
    },
  },
}
`;
