// Vitest Snapshot v1, https://vitest.dev/guide/snapshot.html

exports[`LoggingStack > composition matches snapshot 1`] = `
{
  "Parameters": {
    "BootstrapVersion": {
      "Default": "/cdk-bootstrap/hnb659fds/version",
      "Description": "Version of the CDK Bootstrap resources in this environment, automatically retrieved from SSM Parameter Store. [cdk:skip]",
      "Type": "AWS::SSM::Parameter::Value<String>",
    },
  },
  "Resources": {
    "AuditTrail213A10E8": {
      "DependsOn": [
        "AuditTrailBucketPolicy955F0D77",
        "AuditTrailLogsRoleDefaultPolicyE4719041",
        "AuditTrailLogsRoleC3960E54",
      ],
      "Properties": {
        "CloudWatchLogsLogGroupArn": {
          "Fn::GetAtt": [
            "AuditTrailLogGroup28BB9333",
            "Arn",
          ],
        },
        "CloudWatchLogsRoleArn": {
          "Fn::GetAtt": [
            "AuditTrailLogsRoleC3960E54",
            "Arn",
          ],
        },
        "EnableLogFileValidation": true,
        "EventSelectors": [],
        "IncludeGlobalServiceEvents": true,
        "IsLogging": true,
        "IsMultiRegionTrail": false,
        "KMSKeyId": {
          "Fn::GetAtt": [
            "AuditTrailKeyA4D56A7A",
            "Arn",
          ],
        },
        "S3BucketName": {
          "Ref": "AuditTrailBucketA91FD435",
        },
        "Tags": [
          {
            "Key": "keycloak:name",
            "Value": "AuditTrail",
          },
        ],
        "TrailName": "keycloak-audit",
      },
      "Type": "AWS::CloudTrail::Trail",
    },
    "AuditTrailBucketA91FD435": {
      "DeletionPolicy": "Delete",
      "Metadata": {
        "cdk_nag": {
          "rules_to_suppress": [
            {
              "id": "AwsSolutions-S1",
              "reason": "Log-destination bucket cannot send access logs to itself without a circular dependency.",
            },
          ],
        },
      },
      "Properties": {
        "BucketEncryption": {
          "ServerSideEncryptionConfiguration": [
            {
              "ServerSideEncryptionByDefault": {
                "KMSMasterKeyID": {
                  "Fn::GetAtt": [
                    "AuditTrailKeyA4D56A7A",
                    "Arn",
                  ],
                },
                "SSEAlgorithm": "aws:kms",
              },
            },
          ],
        },
        "LifecycleConfiguration": {
          "Rules": [
            {
              "ExpirationInDays": 7,
              "Status": "Enabled",
            },
          ],
        },
        "PublicAccessBlockConfiguration": {
          "BlockPublicAcls": true,
          "BlockPublicPolicy": true,
          "IgnorePublicAcls": true,
          "RestrictPublicBuckets": true,
        },
        "Tags": [
          {
            "Key": "aws-cdk:auto-delete-objects",
            "Value": "true",
          },
          {
            "Key": "keycloak:name",
            "Value": "AuditTrail",
          },
        ],
        "VersioningConfiguration": {
          "Status": "Enabled",
        },
      },
      "Type": "AWS::S3::Bucket",
      "UpdateReplacePolicy": "Delete",
    },
    "AuditTrailBucketAutoDeleteObjectsCustomResourceD7671BFF": {
      "DeletionPolicy": "Delete",
      "DependsOn": [
        "AuditTrailBucketPolicy955F0D77",
      ],
      "Properties": {
        "BucketName": {
          "Ref": "AuditTrailBucketA91FD435",
        },
        "ServiceToken": {
          "Fn::GetAtt": [
            "CustomS3AutoDeleteObjectsCustomResourceProviderHandler9D90184F",
            "Arn",
          ],
        },
      },
      "Type": "Custom::S3AutoDeleteObjects",
      "UpdateReplacePolicy": "Delete",
    },
    "AuditTrailBucketPolicy955F0D77": {
      "Properties": {
        "Bucket": {
          "Ref": "AuditTrailBucketA91FD435",
        },
        "PolicyDocument": {
          "Statement": [
            {
              "Action": "s3:*",
              "Condition": {
                "Bool": {
                  "aws:SecureTransport": "false",
                },
              },
              "Effect": "Deny",
              "Principal": {
                "AWS": "*",
              },
              "Resource": [
                {
                  "Fn::GetAtt": [
                    "AuditTrailBucketA91FD435",
                    "Arn",
                  ],
                },
                {
                  "Fn::Join": [
                    "",
                    [
                      {
                        "Fn::GetAtt": [
                          "AuditTrailBucketA91FD435",
                          "Arn",
                        ],
                      },
                      "/*",
                    ],
                  ],
                },
              ],
            },
            {
              "Action": [
                "s3:PutBucketPolicy",
                "s3:GetBucket*",
                "s3:List*",
                "s3:DeleteObject*",
              ],
              "Effect": "Allow",
              "Principal": {
                "AWS": {
                  "Fn::GetAtt": [
                    "CustomS3AutoDeleteObjectsCustomResourceProviderRole3B1BD092",
                    "Arn",
                  ],
                },
              },
              "Resource": [
                {
                  "Fn::GetAtt": [
                    "AuditTrailBucketA91FD435",
                    "Arn",
                  ],
                },
                {
                  "Fn::Join": [
                    "",
                    [
                      {
                        "Fn::GetAtt": [
                          "AuditTrailBucketA91FD435",
                          "Arn",
                        ],
                      },
                      "/*",
                    ],
                  ],
                },
              ],
            },
            {
              "Action": "s3:PutObject",
              "Condition": {
                "StringNotEqualsIfExists": {
                  "s3:x-amz-server-side-encryption-aws-kms-key-id": {
                    "Fn::GetAtt": [
                      "AuditTrailKeyA4D56A7A",
                      "Arn",
                    ],
                  },
                },
                "StringNotEqualsIgnoreCase": {
                  "aws:PrincipalServiceName": "cloudtrail.amazonaws.com",
                },
              },
              "Effect": "Deny",
              "Principal": {
                "AWS": "*",
              },
              "Resource": {
                "Fn::Join": [
                  "",
                  [
                    {
                      "Fn::GetAtt": [
                        "AuditTrailBucketA91FD435",
                        "Arn",
                      ],
                    },
                    "/*",
                  ],
                ],
              },
            },
            {
              "Action": "s3:GetBucketAcl",
              "Effect": "Allow",
              "Principal": {
                "Service": "cloudtrail.amazonaws.com",
              },
              "Resource": {
                "Fn::GetAtt": [
                  "AuditTrailBucketA91FD435",
                  "Arn",
                ],
              },
            },
            {
              "Action": "s3:PutObject",
              "Condition": {
                "StringEquals": {
                  "s3:x-amz-acl": "bucket-owner-full-control",
                },
              },
              "Effect": "Allow",
              "Principal": {
                "Service": "cloudtrail.amazonaws.com",
              },
              "Resource": {
                "Fn::Join": [
                  "",
                  [
                    {
                      "Fn::GetAtt": [
                        "AuditTrailBucketA91FD435",
                        "Arn",
                      ],
                    },
                    "/AWSLogs/000000000000/*",
                  ],
                ],
              },
            },
          ],
          "Version": "2012-10-17",
        },
      },
      "Type": "AWS::S3::BucketPolicy",
    },
    "AuditTrailKeyA4D56A7A": {
      "DeletionPolicy": "Delete",
      "Properties": {
        "EnableKeyRotation": true,
        "KeyPolicy": {
          "Statement": [
            {
              "Action": [
                "kms:CancelKeyDeletion",
                "kms:Create*",
                "kms:DeleteAlias",
                "kms:Describe*",
                "kms:Disable*",
                "kms:Enable*",
                "kms:Get*",
                "kms:List*",
                "kms:Put*",
                "kms:Revoke*",
                "kms:RotateKeyOnDemand",
                "kms:ScheduleKeyDeletion",
                "kms:Tag*",
                "kms:Untag*",
                "kms:Update*",
              ],
              "Effect": "Allow",
              "Principal": {
                "AWS": {
                  "Fn::Join": [
                    "",
                    [
                      "arn:",
                      {
                        "Ref": "AWS::Partition",
                      },
                      ":iam::000000000000:root",
                    ],
                  ],
                },
              },
              "Resource": "*",
              "Sid": "KeyManagement",
            },
            {
              "Action": [
                "kms:DescribeKey",
                "kms:GenerateDataKey*",
              ],
              "Condition": {
                "StringLike": {
                  "kms:EncryptionContext:aws:cloudtrail:arn": {
                    "Fn::Join": [
                      "",
                      [
                        "arn:",
                        {
                          "Ref": "AWS::Partition",
                        },
                        ":cloudtrail:*:000000000000:trail/*",
                      ],
                    ],
                  },
                },
              },
              "Effect": "Allow",
              "Principal": {
                "Service": "cloudtrail.amazonaws.com",
              },
              "Resource": "*",
              "Sid": "CloudTrailConsumer",
            },
            {
              "Action": [
                "kms:Decrypt",
                "kms:DescribeKey",
                "kms:GenerateDataKey*",
              ],
              "Condition": {
                "StringEquals": {
                  "kms:CallerAccount": "000000000000",
                  "kms:ViaService": "s3.us-east-1.amazonaws.com",
                },
              },
              "Effect": "Allow",
              "Principal": {
                "AWS": {
                  "Fn::Join": [
                    "",
                    [
                      "arn:",
                      {
                        "Ref": "AWS::Partition",
                      },
                      ":iam::000000000000:root",
                    ],
                  ],
                },
              },
              "Resource": "*",
              "Sid": "S3DeliveryConsumer",
            },
          ],
          "Version": "2012-10-17",
        },
        "PendingWindowInDays": 7,
        "Tags": [
          {
            "Key": "keycloak:name",
            "Value": "AuditTrailKey",
          },
        ],
      },
      "Type": "AWS::KMS::Key",
      "UpdateReplacePolicy": "Delete",
    },
    "AuditTrailKeyAliasD4F9B94C": {
      "Properties": {
        "AliasName": "alias/keycloak/cloud-trail/audit-trail",
        "TargetKeyId": {
          "Fn::GetAtt": [
            "AuditTrailKeyA4D56A7A",
            "Arn",
          ],
        },
      },
      "Type": "AWS::KMS::Alias",
    },
    "AuditTrailLogGroup28BB9333": {
      "DeletionPolicy": "Delete",
      "Properties": {
        "RetentionInDays": 7,
      },
      "Type": "AWS::Logs::LogGroup",
      "UpdateReplacePolicy": "Delete",
    },
    "AuditTrailLogsRoleC3960E54": {
      "Properties": {
        "AssumeRolePolicyDocument": {
          "Statement": [
            {
              "Action": "sts:AssumeRole",
              "Effect": "Allow",
              "Principal": {
                "Service": "cloudtrail.amazonaws.com",
              },
            },
          ],
          "Version": "2012-10-17",
        },
        "Tags": [
          {
            "Key": "keycloak:name",
            "Value": "AuditTrail",
          },
        ],
      },
      "Type": "AWS::IAM::Role",
    },
    "AuditTrailLogsRoleDefaultPolicyE4719041": {
      "Properties": {
        "PolicyDocument": {
          "Statement": [
            {
              "Action": [
                "logs:PutLogEvents",
                "logs:CreateLogStream",
              ],
              "Effect": "Allow",
              "Resource": {
                "Fn::GetAtt": [
                  "AuditTrailLogGroup28BB9333",
                  "Arn",
                ],
              },
            },
          ],
          "Version": "2012-10-17",
        },
        "PolicyName": "AuditTrailLogsRoleDefaultPolicyE4719041",
        "Roles": [
          {
            "Ref": "AuditTrailLogsRoleC3960E54",
          },
        ],
      },
      "Type": "AWS::IAM::Policy",
    },
    "CustomS3AutoDeleteObjectsCustomResourceProviderHandler9D90184F": {
      "DependsOn": [
        "CustomS3AutoDeleteObjectsCustomResourceProviderRole3B1BD092",
      ],
      "Properties": {
        "Code": {
          "S3Bucket": "cdk-hnb659fds-assets-000000000000-us-east-1",
          "S3Key": "HASH.zip",
        },
        "Description": {
          "Fn::Join": [
            "",
            [
              "Lambda function for auto-deleting objects in ",
              {
                "Ref": "AuditTrailBucketA91FD435",
              },
              " S3 bucket.",
            ],
          ],
        },
        "Handler": "index.handler",
        "MemorySize": 128,
        "Role": {
          "Fn::GetAtt": [
            "CustomS3AutoDeleteObjectsCustomResourceProviderRole3B1BD092",
            "Arn",
          ],
        },
        "Runtime": "nodejs24.x",
        "Timeout": 900,
      },
      "Type": "AWS::Lambda::Function",
    },
    "CustomS3AutoDeleteObjectsCustomResourceProviderRole3B1BD092": {
      "Properties": {
        "AssumeRolePolicyDocument": {
          "Statement": [
            {
              "Action": "sts:AssumeRole",
              "Effect": "Allow",
              "Principal": {
                "Service": "lambda.amazonaws.com",
              },
            },
          ],
          "Version": "2012-10-17",
        },
        "ManagedPolicyArns": [
          {
            "Fn::Sub": "arn:\${AWS::Partition}:iam::aws:policy/service-role/AWSLambdaBasicExecutionRole",
          },
        ],
      },
      "Type": "AWS::IAM::Role",
    },
    "FlowLogsBucket87F67F60": {
      "DeletionPolicy": "Delete",
      "Metadata": {
        "cdk_nag": {
          "rules_to_suppress": [
            {
              "id": "AwsSolutions-S1",
              "reason": "Log-destination bucket cannot send access logs to itself without a circular dependency.",
            },
          ],
        },
      },
      "Properties": {
        "BucketEncryption": {
          "ServerSideEncryptionConfiguration": [
            {
              "ServerSideEncryptionByDefault": {
                "SSEAlgorithm": "AES256",
              },
            },
          ],
        },
        "LifecycleConfiguration": {
          "Rules": [
            {
              "ExpirationInDays": 7,
              "Status": "Enabled",
            },
          ],
        },
        "PublicAccessBlockConfiguration": {
          "BlockPublicAcls": true,
          "BlockPublicPolicy": true,
          "IgnorePublicAcls": true,
          "RestrictPublicBuckets": true,
        },
        "Tags": [
          {
            "Key": "aws-cdk:auto-delete-objects",
            "Value": "true",
          },
          {
            "Key": "keycloak:name",
            "Value": "FlowLogs",
          },
        ],
        "VersioningConfiguration": {
          "Status": "Enabled",
        },
      },
      "Type": "AWS::S3::Bucket",
      "UpdateReplacePolicy": "Delete",
    },
    "FlowLogsBucketAutoDeleteObjectsCustomResource5D32C6C3": {
      "DeletionPolicy": "Delete",
      "DependsOn": [
        "FlowLogsBucketPolicy2108052C",
      ],
      "Properties": {
        "BucketName": {
          "Ref": "FlowLogsBucket87F67F60",
        },
        "ServiceToken": {
          "Fn::GetAtt": [
            "CustomS3AutoDeleteObjectsCustomResourceProviderHandler9D90184F",
            "Arn",
          ],
        },
      },
      "Type": "Custom::S3AutoDeleteObjects",
      "UpdateReplacePolicy": "Delete",
    },
    "FlowLogsBucketPolicy2108052C": {
      "Properties": {
        "Bucket": {
          "Ref": "FlowLogsBucket87F67F60",
        },
        "PolicyDocument": {
          "Statement": [
            {
              "Action": "s3:*",
              "Condition": {
                "Bool": {
                  "aws:SecureTransport": "false",
                },
              },
              "Effect": "Deny",
              "Principal": {
                "AWS": "*",
              },
              "Resource": [
                {
                  "Fn::GetAtt": [
                    "FlowLogsBucket87F67F60",
                    "Arn",
                  ],
                },
                {
                  "Fn::Join": [
                    "",
                    [
                      {
                        "Fn::GetAtt": [
                          "FlowLogsBucket87F67F60",
                          "Arn",
                        ],
                      },
                      "/*",
                    ],
                  ],
                },
              ],
            },
            {
              "Action": [
                "s3:PutBucketPolicy",
                "s3:GetBucket*",
                "s3:List*",
                "s3:DeleteObject*",
              ],
              "Effect": "Allow",
              "Principal": {
                "AWS": {
                  "Fn::GetAtt": [
                    "CustomS3AutoDeleteObjectsCustomResourceProviderRole3B1BD092",
                    "Arn",
                  ],
                },
              },
              "Resource": [
                {
                  "Fn::GetAtt": [
                    "FlowLogsBucket87F67F60",
                    "Arn",
                  ],
                },
                {
                  "Fn::Join": [
                    "",
                    [
                      {
                        "Fn::GetAtt": [
                          "FlowLogsBucket87F67F60",
                          "Arn",
                        ],
                      },
                      "/*",
                    ],
                  ],
                },
              ],
            },
          ],
          "Version": "2012-10-17",
        },
      },
      "Type": "AWS::S3::BucketPolicy",
    },
    "SecurityDashboardF1348514": {
      "Properties": {
        "DashboardBody": {
          "Fn::Join": [
            "",
            [
              "{"widgets":[{"type":"log","width":12,"height":6,"x":0,"y":0,"properties":{"view":"table","title":"CloudTrail Events by Service","region":"",
              {
                "Ref": "AWS::Region",
              },
              "","query":"SOURCE '",
              {
                "Ref": "AuditTrailLogGroup28BB9333",
              },
              "' | stats count(*) as events by eventSource\\n| sort events desc\\n| limit 10"}},{"type":"log","width":12,"height":6,"x":12,"y":0,"properties":{"view":"table","title":"Access Denied Events","region":"",
              {
                "Ref": "AWS::Region",
              },
              "","query":"SOURCE '",
              {
                "Ref": "AuditTrailLogGroup28BB9333",
              },
              "' | fields eventTime, eventName, eventSource, userIdentity.arn\\n| filter errorCode like /Unauthorized|AccessDenied|Forbidden/\\n| sort eventTime desc\\n| limit 25"}},{"type":"log","width":24,"height":6,"x":0,"y":6,"properties":{"view":"table","title":"Recent CloudTrail Events","region":"",
              {
                "Ref": "AWS::Region",
              },
              "","query":"SOURCE '",
              {
                "Ref": "AuditTrailLogGroup28BB9333",
              },
              "' | fields eventTime, eventName, eventSource, userIdentity.arn\\n| sort eventTime desc\\n| limit 50"}}]}",
            ],
          ],
        },
        "DashboardName": "Keycloak-CloudTrail",
      },
      "Type": "AWS::CloudWatch::Dashboard",
    },
    "ServerAccessLogsBucket5E4597E8": {
      "DeletionPolicy": "Delete",
      "Metadata": {
        "cdk_nag": {
          "rules_to_suppress": [
            {
              "id": "AwsSolutions-S1",
              "reason": "Log-destination bucket cannot send access logs to itself without a circular dependency.",
            },
          ],
        },
      },
      "Properties": {
        "BucketEncryption": {
          "ServerSideEncryptionConfiguration": [
            {
              "ServerSideEncryptionByDefault": {
                "SSEAlgorithm": "AES256",
              },
            },
          ],
        },
        "LifecycleConfiguration": {
          "Rules": [
            {
              "ExpirationInDays": 7,
              "Status": "Enabled",
            },
          ],
        },
        "PublicAccessBlockConfiguration": {
          "BlockPublicAcls": true,
          "BlockPublicPolicy": true,
          "IgnorePublicAcls": true,
          "RestrictPublicBuckets": true,
        },
        "Tags": [
          {
            "Key": "aws-cdk:auto-delete-objects",
            "Value": "true",
          },
          {
            "Key": "keycloak:name",
            "Value": "ServerAccessLogs",
          },
        ],
        "VersioningConfiguration": {
          "Status": "Enabled",
        },
      },
      "Type": "AWS::S3::Bucket",
      "UpdateReplacePolicy": "Delete",
    },
    "ServerAccessLogsBucketAutoDeleteObjectsCustomResource15992DD6": {
      "DeletionPolicy": "Delete",
      "DependsOn": [
        "ServerAccessLogsBucketPolicyE7AC650C",
      ],
      "Properties": {
        "BucketName": {
          "Ref": "ServerAccessLogsBucket5E4597E8",
        },
        "ServiceToken": {
          "Fn::GetAtt": [
            "CustomS3AutoDeleteObjectsCustomResourceProviderHandler9D90184F",
            "Arn",
          ],
        },
      },
      "Type": "Custom::S3AutoDeleteObjects",
      "UpdateReplacePolicy": "Delete",
    },
    "ServerAccessLogsBucketPolicyE7AC650C": {
      "Properties": {
        "Bucket": {
          "Ref": "ServerAccessLogsBucket5E4597E8",
        },
        "PolicyDocument": {
          "Statement": [
            {
              "Action": "s3:*",
              "Condition": {
                "Bool": {
                  "aws:SecureTransport": "false",
                },
              },
              "Effect": "Deny",
              "Principal": {
                "AWS": "*",
              },
              "Resource": [
                {
                  "Fn::GetAtt": [
                    "ServerAccessLogsBucket5E4597E8",
                    "Arn",
                  ],
                },
                {
                  "Fn::Join": [
                    "",
                    [
                      {
                        "Fn::GetAtt": [
                          "ServerAccessLogsBucket5E4597E8",
                          "Arn",
                        ],
                      },
                      "/*",
                    ],
                  ],
                },
              ],
            },
            {
              "Action": [
                "s3:PutBucketPolicy",
                "s3:GetBucket*",
                "s3:List*",
                "s3:DeleteObject*",
              ],
              "Effect": "Allow",
              "Principal": {
                "AWS": {
                  "Fn::GetAtt": [
                    "CustomS3AutoDeleteObjectsCustomResourceProviderRole3B1BD092",
                    "Arn",
                  ],
                },
              },
              "Resource": [
                {
                  "Fn::GetAtt": [
                    "ServerAccessLogsBucket5E4597E8",
                    "Arn",
                  ],
                },
                {
                  "Fn::Join": [
                    "",
                    [
                      {
                        "Fn::GetAtt": [
                          "ServerAccessLogsBucket5E4597E8",
                          "Arn",
                        ],
                      },
                      "/*",
                    ],
                  ],
                },
              ],
            },
          ],
          "Version": "2012-10-17",
        },
      },
      "Type": "AWS::S3::BucketPolicy",
    },
  },
  "Rules": {
    "CheckBootstrapVersion": {
      "Assertions": [
        {
          "Assert": {
            "Fn::Not": [
              {
                "Fn::Contains": [
                  [
                    "1",
                    "2",
                    "3",
                    "4",
                    "5",
                  ],
                  {
                    "Ref": "BootstrapVersion",
                  },
                ],
              },
            ],
          },
          "AssertDescription": "CDK bootstrap stack version 6 required. Please run 'cdk bootstrap' with a recent version of the CDK CLI.",
        },
      ],
    },
  },
}
`;
